#
# There is insufficient memory for the Java Runtime Environment to continue.
# Native memory allocation (malloc) failed to allocate 2219728 bytes. Error detail: Chunk::new
# Possible reasons:
#   The system is out of physical RAM or swap space
#   This process is running with CompressedOops enabled, and the Java Heap may be blocking the growth of the native heap
# Possible solutions:
#   Reduce memory load on the system
#   Increase physical memory or swap space
#   Check if swap backing store is full
#   Decrease Java heap size (-Xmx/-Xms)
#   Decrease number of Java threads
#   Decrease Java thread stack sizes (-Xss)
#   Set larger code cache with -XX:ReservedCodeCacheSize=
#   JVM is running with Unscaled Compressed Oops mode in which the Java heap is
#     placed in the first 4GB address space. The Java Heap base address is the
#     maximum limit for the native heap growth. Please use -XX:HeapBaseMinAddress
#     to set the Java Heap base and to place the Java Heap above 4GB virtual address.
# This output file may be truncated or incomplete.
#
#  Out of Memory Error (arena.cpp:191), pid=34044, tid=12520
#
# JRE version: OpenJDK Runtime Environment JBR-17.0.14+1-1367.22-nomod (17.0.14+1) (build 17.0.14+1-b1367.22)
# Java VM: OpenJDK 64-Bit Server VM JBR-17.0.14+1-1367.22-nomod (17.0.14+1-b1367.22, mixed mode, sharing, tiered, compressed oops, compressed class ptrs, g1 gc, windows-amd64)
# No core dump will be written. Minidumps are not enabled by default on client versions of Windows
#

---------------  S U M M A R Y ------------

Command Line: -Dclassworlds.conf=C:\Program Files\JetBrains\IntelliJ IDEA 2025.2.1\plugins\maven\lib\maven3\bin\m2.conf -Dmaven.home=C:\Program Files\JetBrains\IntelliJ IDEA 2025.2.1\plugins\maven\lib\maven3 -Dlibrary.jansi.path=C:\Program Files\JetBrains\IntelliJ IDEA 2025.2.1\plugins\maven\lib\maven3\lib\jansi-native -Dmaven.multiModuleProjectDirectory=C:\Users\mahdi\Desktop\PIDEV\Gestion Des Projets org.codehaus.plexus.classworlds.launcher.Launcher -Didea.version=2025.2.1 -Dmaven.ext.class.path=C:\Program Files\JetBrains\IntelliJ IDEA 2025.2.1\plugins\maven\lib\maven-event-listener.jar -Djansi.passthrough=true -Dstyle.color=always -Dmaven.repo.local=C:\Users\mahdi\.m2\repository org.openjfx:javafx-maven-plugin:0.0.8:run -f pom.xml

Host: 11th Gen Intel(R) Core(TM) i5-11400H @ 2.70GHz, 12 cores, 7G,  Windows 11 , 64 bit Build 26100 (10.0.26100.7705)
Time: Sat Feb 14 22:23:18 2026 W. Central Africa Standard Time elapsed time: 4.749621 seconds (0d 0h 0m 4s)

---------------  T H R E A D  ---------------

Current thread (0x0000012cc5387e30):  JavaThread "C2 CompilerThread2" daemon [_thread_in_native, id=12520, stack(0x0000002952f00000,0x0000002953000000)]


Current CompileTask:
C2:   4749 4352   !   4       com.google.inject.spi.InjectionPoint::getInjectionPoints (491 bytes)

Stack: [0x0000002952f00000,0x0000002953000000]
Native frames: (J=compiled Java code, j=interpreted, Vv=VM code, C=native code)
V  [jvm.dll+0x68b969]  os::platform_print_native_stack+0xd9  (os_windows_x86.cpp:235)
V  [jvm.dll+0x84572a]  VMError::report+0xc6a  (vmError.cpp:868)
V  [jvm.dll+0x8473ae]  VMError::report_and_die+0x78e  (vmError.cpp:1766)
V  [jvm.dll+0x847a13]  VMError::report_and_die+0x43  (vmError.cpp:1552)
V  [jvm.dll+0x24a83f]  report_vm_out_of_memory+0x8f  (debug.cpp:321)
V  [jvm.dll+0xaca04]  Chunk::operator new+0xb4  (arena.cpp:191)
V  [jvm.dll+0xad04c]  Arena::grow+0x3c  (arena.cpp:352)
V  [jvm.dll+0x36af67]  PhaseIFG::init+0xf7  (ifg.cpp:52)
V  [jvm.dll+0x3352ca]  PhaseCFG::global_code_motion+0x44a  (gcm.cpp:1591)
V  [jvm.dll+0x33476a]  PhaseCFG::do_global_code_motion+0x3a  (gcm.cpp:1658)
V  [jvm.dll+0x21c231]  Compile::Code_Gen+0x261  (compile.cpp:2738)
V  [jvm.dll+0x21b671]  Compile::Compile+0xe61  (compile.cpp:836)
V  [jvm.dll+0x1a6acd]  C2Compiler::compile_method+0xad  (c2compiler.cpp:112)
V  [jvm.dll+0x22b58e]  CompileBroker::invoke_compiler_on_method+0x82e  (compileBroker.cpp:2366)
V  [jvm.dll+0x2296d5]  CompileBroker::compiler_thread_loop+0x405  (compileBroker.cpp:2027)
V  [jvm.dll+0x7f9637]  JavaThread::run+0x147  (thread.cpp:1299)
V  [jvm.dll+0x7f3a1c]  Thread::call_run+0x8c  (thread.cpp:405)
V  [jvm.dll+0x68a7c7]  thread_native_entry+0x77  (os_windows.cpp:551)
C  [ucrtbase.dll+0x37b0]
C  [KERNEL32.DLL+0x2e8d7]
C  [ntdll.dll+0x8c40c]


---------------  P R O C E S S  ---------------

Threads class SMR info:
_java_thread_list=0x0000012cff65f480, length=18, elements={
0x0000012ce20482a0, 0x0000012cfe00c0e0, 0x0000012cfe00c5c0, 0x0000012cfe029710,
0x0000012cfe029bf0, 0x0000012cfe02a0d0, 0x0000012cfe02e5c0, 0x0000012cfe3740a0,
0x0000012cfe3745c0, 0x0000012cfe375ef0, 0x0000012cfe4cb440, 0x0000012cfe4ef230,
0x0000012cfea86640, 0x0000012cff158030, 0x0000012cc5387e30, 0x0000012cff639750,
0x0000012cc62e7d80, 0x0000012cc60ce480
}

Java Threads: ( => current thread )
  0x0000012ce20482a0 JavaThread "main" [_thread_in_native, id=38164, stack(0x0000002951100000,0x0000002951200000)]
  0x0000012cfe00c0e0 JavaThread "Reference Handler" daemon [_thread_blocked, id=31712, stack(0x0000002951800000,0x0000002951900000)]
  0x0000012cfe00c5c0 JavaThread "Finalizer" daemon [_thread_blocked, id=26152, stack(0x0000002951900000,0x0000002951a00000)]
  0x0000012cfe029710 JavaThread "Signal Dispatcher" daemon [_thread_blocked, id=17984, stack(0x0000002951a00000,0x0000002951b00000)]
  0x0000012cfe029bf0 JavaThread "Attach Listener" daemon [_thread_blocked, id=3828, stack(0x0000002951b00000,0x0000002951c00000)]
  0x0000012cfe02a0d0 JavaThread "Service Thread" daemon [_thread_blocked, id=16788, stack(0x0000002951c00000,0x0000002951d00000)]
  0x0000012cfe02e5c0 JavaThread "Monitor Deflation Thread" daemon [_thread_blocked, id=11184, stack(0x0000002951d00000,0x0000002951e00000)]
  0x0000012cfe3740a0 JavaThread "C2 CompilerThread0" daemon [_thread_blocked, id=39204, stack(0x0000002951e00000,0x0000002951f00000)]
  0x0000012cfe3745c0 JavaThread "C1 CompilerThread0" daemon [_thread_blocked, id=33076, stack(0x0000002951f00000,0x0000002952000000)]
  0x0000012cfe375ef0 JavaThread "Sweeper thread" daemon [_thread_blocked, id=32888, stack(0x0000002952000000,0x0000002952100000)]
  0x0000012cfe4cb440 JavaThread "Notification Thread" daemon [_thread_blocked, id=15276, stack(0x0000002952100000,0x0000002952200000)]
  0x0000012cfe4ef230 JavaThread "Common-Cleaner" daemon [_thread_blocked, id=32560, stack(0x0000002952300000,0x0000002952400000)]
  0x0000012cfea86640 JavaThread "C2 CompilerThread1" daemon [_thread_blocked, id=38588, stack(0x0000002952400000,0x0000002952500000)]
  0x0000012cff158030 JavaThread "Thread-1" daemon [_thread_blocked, id=28300, stack(0x0000002952d00000,0x0000002952e00000)]
=>0x0000012cc5387e30 JavaThread "C2 CompilerThread2" daemon [_thread_in_native, id=12520, stack(0x0000002952f00000,0x0000002953000000)]
  0x0000012cff639750 JavaThread "Exec Stream Pumper" daemon [_thread_in_native, id=16460, stack(0x0000002953000000,0x0000002953100000)]
  0x0000012cc62e7d80 JavaThread "Exec Stream Pumper" daemon [_thread_in_native, id=18816, stack(0x0000002953100000,0x0000002953200000)]
  0x0000012cc60ce480 JavaThread "Exec Input Stream Pumper" daemon [_thread_blocked, id=17432, stack(0x0000002953200000,0x0000002953300000)]

Other Threads:
  0x0000012cfe006d90 VMThread "VM Thread" [stack: 0x0000002951700000,0x0000002951800000] [id=18960]
  0x0000012cfe4edf50 WatcherThread [stack: 0x0000002952200000,0x0000002952300000] [id=4648]
  0x0000012ce20a5120 GCTaskThread "GC Thread#0" [stack: 0x0000002951200000,0x0000002951300000] [id=38064]
  0x0000012cfed8edd0 GCTaskThread "GC Thread#1" [stack: 0x0000002952500000,0x0000002952600000] [id=25944]
  0x0000012cfed7a9d0 GCTaskThread "GC Thread#2" [stack: 0x0000002952600000,0x0000002952700000] [id=11380]
  0x0000012cfed558f0 GCTaskThread "GC Thread#3" [stack: 0x0000002952700000,0x0000002952800000] [id=19652]
  0x0000012cfed55bb0 GCTaskThread "GC Thread#4" [stack: 0x0000002952800000,0x0000002952900000] [id=34028]
  0x0000012cfed55e70 GCTaskThread "GC Thread#5" [stack: 0x0000002952900000,0x0000002952a00000] [id=29164]
  0x0000012cfed56130 GCTaskThread "GC Thread#6" [stack: 0x0000002952a00000,0x0000002952b00000] [id=21076]
  0x0000012cff1ab070 GCTaskThread "GC Thread#7" [stack: 0x0000002952b00000,0x0000002952c00000] [id=17256]
  0x0000012cfea6cfd0 GCTaskThread "GC Thread#8" [stack: 0x0000002952c00000,0x0000002952d00000] [id=32080]
  0x0000012cff3b8340 GCTaskThread "GC Thread#9" [stack: 0x0000002952e00000,0x0000002952f00000] [id=37616]
  0x0000012ce20b7610 ConcurrentGCThread "G1 Main Marker" [stack: 0x0000002951300000,0x0000002951400000] [id=9844]
  0x0000012ce20b9fd0 ConcurrentGCThread "G1 Conc#0" [stack: 0x0000002951400000,0x0000002951500000] [id=38384]
  0x0000012ce20fe8b0 ConcurrentGCThread "G1 Refine#0" [stack: 0x0000002951500000,0x0000002951600000] [id=19888]
  0x0000012cfdebec60 ConcurrentGCThread "G1 Service" [stack: 0x0000002951600000,0x0000002951700000] [id=29660]

Threads with active compile tasks:
C2 CompilerThread2     6341 4352   !   4       com.google.inject.spi.InjectionPoint::getInjectionPoints (491 bytes)

VM state: not at safepoint (normal execution)

VM Mutex/Monitor currently owned by a thread: None

Heap address: 0x0000000084400000, size: 1980 MB, Compressed Oops mode: 32-bit

CDS archive(s) mapped at: [0x0000012c80000000-0x0000012c80c00000-0x0000012c80c00000), size 12582912, SharedBaseAddress: 0x0000012c80000000, ArchiveRelocationMode: 1.
Compressed class space mapped at: 0x0000012c81000000-0x0000012cc1000000, reserved size: 1073741824
Narrow klass base: 0x0000012c80000000, Narrow klass shift: 0, Narrow klass range: 0x100000000

GC Precious Log:
 CPUs: 12 total, 12 available
 Memory: 7914M
 Large Page Support: Disabled
 NUMA Support: Disabled
 Compressed Oops: Enabled (32-bit)
 Heap Region Size: 1M
 Heap Min Capacity: 8M
 Heap Initial Capacity: 124M
 Heap Max Capacity: 1980M
 Pre-touch: Disabled
 Parallel Workers: 10
 Concurrent Workers: 3
 Concurrent Refinement Workers: 10
 Periodic GC: Disabled

Heap:
 garbage-first heap   total 126976K, used 50551K [0x0000000084400000, 0x0000000100000000)
  region size 1024K, 47 young (48128K), 7 survivors (7168K)
 Metaspace       used 19740K, committed 20096K, reserved 1114112K
  class space    used 2435K, committed 2624K, reserved 1048576K

Heap Regions: E=young(eden), S=young(survivor), O=old, HS=humongous(starts), HC=humongous(continues), CS=collection set, F=free, OA=open archive, CA=closed archive, TAMS=top-at-mark-start (previous, next)
|   0|0x0000000084400000, 0x0000000084500000, 0x0000000084500000|100%| O|  |TAMS 0x0000000084400000, 0x0000000084400000| Untracked 
|   1|0x0000000084500000, 0x0000000084600000, 0x0000000084600000|100%| O|  |TAMS 0x0000000084500000, 0x0000000084500000| Untracked 
|   2|0x0000000084600000, 0x0000000084700000, 0x0000000084700000|100%| O|  |TAMS 0x0000000084600000, 0x0000000084600000| Untracked 
|   3|0x0000000084700000, 0x0000000084787600, 0x0000000084800000| 52%| O|  |TAMS 0x0000000084700000, 0x0000000084700000| Untracked 
|   4|0x0000000084800000, 0x0000000084800000, 0x0000000084900000|  0%| F|  |TAMS 0x0000000084800000, 0x0000000084800000| Untracked 
|   5|0x0000000084900000, 0x0000000084900000, 0x0000000084a00000|  0%| F|  |TAMS 0x0000000084900000, 0x0000000084900000| Untracked 
|   6|0x0000000084a00000, 0x0000000084a00000, 0x0000000084b00000|  0%| F|  |TAMS 0x0000000084a00000, 0x0000000084a00000| Untracked 
|   7|0x0000000084b00000, 0x0000000084b00000, 0x0000000084c00000|  0%| F|  |TAMS 0x0000000084b00000, 0x0000000084b00000| Untracked 
|   8|0x0000000084c00000, 0x0000000084c00000, 0x0000000084d00000|  0%| F|  |TAMS 0x0000000084c00000, 0x0000000084c00000| Untracked 
|   9|0x0000000084d00000, 0x0000000084d00000, 0x0000000084e00000|  0%| F|  |TAMS 0x0000000084d00000, 0x0000000084d00000| Untracked 
|  10|0x0000000084e00000, 0x0000000084e00000, 0x0000000084f00000|  0%| F|  |TAMS 0x0000000084e00000, 0x0000000084e00000| Untracked 
|  11|0x0000000084f00000, 0x0000000084f00000, 0x0000000085000000|  0%| F|  |TAMS 0x0000000084f00000, 0x0000000084f00000| Untracked 
|  12|0x0000000085000000, 0x0000000085000000, 0x0000000085100000|  0%| F|  |TAMS 0x0000000085000000, 0x0000000085000000| Untracked 
|  13|0x0000000085100000, 0x0000000085100000, 0x0000000085200000|  0%| F|  |TAMS 0x0000000085100000, 0x0000000085100000| Untracked 
|  14|0x0000000085200000, 0x0000000085200000, 0x0000000085300000|  0%| F|  |TAMS 0x0000000085200000, 0x0000000085200000| Untracked 
|  15|0x0000000085300000, 0x0000000085300000, 0x0000000085400000|  0%| F|  |TAMS 0x0000000085300000, 0x0000000085300000| Untracked 
|  16|0x0000000085400000, 0x0000000085400000, 0x0000000085500000|  0%| F|  |TAMS 0x0000000085400000, 0x0000000085400000| Untracked 
|  17|0x0000000085500000, 0x0000000085500000, 0x0000000085600000|  0%| F|  |TAMS 0x0000000085500000, 0x0000000085500000| Untracked 
|  18|0x0000000085600000, 0x0000000085600000, 0x0000000085700000|  0%| F|  |TAMS 0x0000000085600000, 0x0000000085600000| Untracked 
|  19|0x0000000085700000, 0x0000000085700000, 0x0000000085800000|  0%| F|  |TAMS 0x0000000085700000, 0x0000000085700000| Untracked 
|  20|0x0000000085800000, 0x0000000085800000, 0x0000000085900000|  0%| F|  |TAMS 0x0000000085800000, 0x0000000085800000| Untracked 
|  21|0x0000000085900000, 0x0000000085900000, 0x0000000085a00000|  0%| F|  |TAMS 0x0000000085900000, 0x0000000085900000| Untracked 
|  22|0x0000000085a00000, 0x0000000085a00000, 0x0000000085b00000|  0%| F|  |TAMS 0x0000000085a00000, 0x0000000085a00000| Untracked 
|  23|0x0000000085b00000, 0x0000000085b00000, 0x0000000085c00000|  0%| F|  |TAMS 0x0000000085b00000, 0x0000000085b00000| Untracked 
|  24|0x0000000085c00000, 0x0000000085c00000, 0x0000000085d00000|  0%| F|  |TAMS 0x0000000085c00000, 0x0000000085c00000| Untracked 
|  25|0x0000000085d00000, 0x0000000085d00000, 0x0000000085e00000|  0%| F|  |TAMS 0x0000000085d00000, 0x0000000085d00000| Untracked 
|  26|0x0000000085e00000, 0x0000000085e00000, 0x0000000085f00000|  0%| F|  |TAMS 0x0000000085e00000, 0x0000000085e00000| Untracked 
|  27|0x0000000085f00000, 0x0000000085f00000, 0x0000000086000000|  0%| F|  |TAMS 0x0000000085f00000, 0x0000000085f00000| Untracked 
|  28|0x0000000086000000, 0x0000000086000000, 0x0000000086100000|  0%| F|  |TAMS 0x0000000086000000, 0x0000000086000000| Untracked 
|  29|0x0000000086100000, 0x0000000086100000, 0x0000000086200000|  0%| F|  |TAMS 0x0000000086100000, 0x0000000086100000| Untracked 
|  30|0x0000000086200000, 0x0000000086200000, 0x0000000086300000|  0%| F|  |TAMS 0x0000000086200000, 0x0000000086200000| Untracked 
|  31|0x0000000086300000, 0x0000000086300000, 0x0000000086400000|  0%| F|  |TAMS 0x0000000086300000, 0x0000000086300000| Untracked 
|  32|0x0000000086400000, 0x0000000086400000, 0x0000000086500000|  0%| F|  |TAMS 0x0000000086400000, 0x0000000086400000| Untracked 
|  33|0x0000000086500000, 0x0000000086500000, 0x0000000086600000|  0%| F|  |TAMS 0x0000000086500000, 0x0000000086500000| Untracked 
|  34|0x0000000086600000, 0x0000000086600000, 0x0000000086700000|  0%| F|  |TAMS 0x0000000086600000, 0x0000000086600000| Untracked 
|  35|0x0000000086700000, 0x0000000086700000, 0x0000000086800000|  0%| F|  |TAMS 0x0000000086700000, 0x0000000086700000| Untracked 
|  36|0x0000000086800000, 0x0000000086800000, 0x0000000086900000|  0%| F|  |TAMS 0x0000000086800000, 0x0000000086800000| Untracked 
|  37|0x0000000086900000, 0x0000000086900000, 0x0000000086a00000|  0%| F|  |TAMS 0x0000000086900000, 0x0000000086900000| Untracked 
|  38|0x0000000086a00000, 0x0000000086a00000, 0x0000000086b00000|  0%| F|  |TAMS 0x0000000086a00000, 0x0000000086a00000| Untracked 
|  39|0x0000000086b00000, 0x0000000086b00000, 0x0000000086c00000|  0%| F|  |TAMS 0x0000000086b00000, 0x0000000086b00000| Untracked 
|  40|0x0000000086c00000, 0x0000000086c00000, 0x0000000086d00000|  0%| F|  |TAMS 0x0000000086c00000, 0x0000000086c00000| Untracked 
|  41|0x0000000086d00000, 0x0000000086d00000, 0x0000000086e00000|  0%| F|  |TAMS 0x0000000086d00000, 0x0000000086d00000| Untracked 
|  42|0x0000000086e00000, 0x0000000086e00000, 0x0000000086f00000|  0%| F|  |TAMS 0x0000000086e00000, 0x0000000086e00000| Untracked 
|  43|0x0000000086f00000, 0x0000000086fd6920, 0x0000000087000000| 83%| S|CS|TAMS 0x0000000086f00000, 0x0000000086f00000| Complete 
|  44|0x0000000087000000, 0x0000000087100000, 0x0000000087100000|100%| S|CS|TAMS 0x0000000087000000, 0x0000000087000000| Complete 
|  45|0x0000000087100000, 0x0000000087200000, 0x0000000087200000|100%| S|CS|TAMS 0x0000000087100000, 0x0000000087100000| Complete 
|  46|0x0000000087200000, 0x0000000087300000, 0x0000000087300000|100%| S|CS|TAMS 0x0000000087200000, 0x0000000087200000| Complete 
|  47|0x0000000087300000, 0x0000000087400000, 0x0000000087400000|100%| S|CS|TAMS 0x0000000087300000, 0x0000000087300000| Complete 
|  48|0x0000000087400000, 0x0000000087500000, 0x0000000087500000|100%| S|CS|TAMS 0x0000000087400000, 0x0000000087400000| Complete 
|  49|0x0000000087500000, 0x0000000087600000, 0x0000000087600000|100%| S|CS|TAMS 0x0000000087500000, 0x0000000087500000| Complete 
|  50|0x0000000087600000, 0x0000000087600000, 0x0000000087700000|  0%| F|  |TAMS 0x0000000087600000, 0x0000000087600000| Untracked 
|  51|0x0000000087700000, 0x0000000087700000, 0x0000000087800000|  0%| F|  |TAMS 0x0000000087700000, 0x0000000087700000| Untracked 
|  52|0x0000000087800000, 0x0000000087800000, 0x0000000087900000|  0%| F|  |TAMS 0x0000000087800000, 0x0000000087800000| Untracked 
|  53|0x0000000087900000, 0x0000000087900000, 0x0000000087a00000|  0%| F|  |TAMS 0x0000000087900000, 0x0000000087900000| Untracked 
|  54|0x0000000087a00000, 0x0000000087a00000, 0x0000000087b00000|  0%| F|  |TAMS 0x0000000087a00000, 0x0000000087a00000| Untracked 
|  55|0x0000000087b00000, 0x0000000087b00000, 0x0000000087c00000|  0%| F|  |TAMS 0x0000000087b00000, 0x0000000087b00000| Untracked 
|  56|0x0000000087c00000, 0x0000000087c00000, 0x0000000087d00000|  0%| F|  |TAMS 0x0000000087c00000, 0x0000000087c00000| Untracked 
|  57|0x0000000087d00000, 0x0000000087d00000, 0x0000000087e00000|  0%| F|  |TAMS 0x0000000087d00000, 0x0000000087d00000| Untracked 
|  58|0x0000000087e00000, 0x0000000087e00000, 0x0000000087f00000|  0%| F|  |TAMS 0x0000000087e00000, 0x0000000087e00000| Untracked 
|  59|0x0000000087f00000, 0x0000000087f00000, 0x0000000088000000|  0%| F|  |TAMS 0x0000000087f00000, 0x0000000087f00000| Untracked 
|  60|0x0000000088000000, 0x0000000088000000, 0x0000000088100000|  0%| F|  |TAMS 0x0000000088000000, 0x0000000088000000| Untracked 
|  61|0x0000000088100000, 0x0000000088100000, 0x0000000088200000|  0%| F|  |TAMS 0x0000000088100000, 0x0000000088100000| Untracked 
|  62|0x0000000088200000, 0x0000000088200000, 0x0000000088300000|  0%| F|  |TAMS 0x0000000088200000, 0x0000000088200000| Untracked 
|  63|0x0000000088300000, 0x0000000088300000, 0x0000000088400000|  0%| F|  |TAMS 0x0000000088300000, 0x0000000088300000| Untracked 
|  64|0x0000000088400000, 0x0000000088400000, 0x0000000088500000|  0%| F|  |TAMS 0x0000000088400000, 0x0000000088400000| Untracked 
|  65|0x0000000088500000, 0x0000000088500000, 0x0000000088600000|  0%| F|  |TAMS 0x0000000088500000, 0x0000000088500000| Untracked 
|  66|0x0000000088600000, 0x0000000088600000, 0x0000000088700000|  0%| F|  |TAMS 0x0000000088600000, 0x0000000088600000| Untracked 
|  67|0x0000000088700000, 0x0000000088700000, 0x0000000088800000|  0%| F|  |TAMS 0x0000000088700000, 0x0000000088700000| Untracked 
|  68|0x0000000088800000, 0x0000000088800000, 0x0000000088900000|  0%| F|  |TAMS 0x0000000088800000, 0x0000000088800000| Untracked 
|  69|0x0000000088900000, 0x0000000088900000, 0x0000000088a00000|  0%| F|  |TAMS 0x0000000088900000, 0x0000000088900000| Untracked 
|  70|0x0000000088a00000, 0x0000000088a00000, 0x0000000088b00000|  0%| F|  |TAMS 0x0000000088a00000, 0x0000000088a00000| Untracked 
|  71|0x0000000088b00000, 0x0000000088b00000, 0x0000000088c00000|  0%| F|  |TAMS 0x0000000088b00000, 0x0000000088b00000| Untracked 
|  72|0x0000000088c00000, 0x0000000088c00000, 0x0000000088d00000|  0%| F|  |TAMS 0x0000000088c00000, 0x0000000088c00000| Untracked 
|  73|0x0000000088d00000, 0x0000000088d00000, 0x0000000088e00000|  0%| F|  |TAMS 0x0000000088d00000, 0x0000000088d00000| Untracked 
|  74|0x0000000088e00000, 0x0000000088e00000, 0x0000000088f00000|  0%| F|  |TAMS 0x0000000088e00000, 0x0000000088e00000| Untracked 
|  75|0x0000000088f00000, 0x0000000088f00000, 0x0000000089000000|  0%| F|  |TAMS 0x0000000088f00000, 0x0000000088f00000| Untracked 
|  76|0x0000000089000000, 0x0000000089000000, 0x0000000089100000|  0%| F|  |TAMS 0x0000000089000000, 0x0000000089000000| Untracked 
|  77|0x0000000089100000, 0x0000000089100000, 0x0000000089200000|  0%| F|  |TAMS 0x0000000089100000, 0x0000000089100000| Untracked 
|  78|0x0000000089200000, 0x0000000089200000, 0x0000000089300000|  0%| F|  |TAMS 0x0000000089200000, 0x0000000089200000| Untracked 
|  79|0x0000000089300000, 0x0000000089300000, 0x0000000089400000|  0%| F|  |TAMS 0x0000000089300000, 0x0000000089300000| Untracked 
|  80|0x0000000089400000, 0x0000000089400000, 0x0000000089500000|  0%| F|  |TAMS 0x0000000089400000, 0x0000000089400000| Untracked 
|  81|0x0000000089500000, 0x0000000089500000, 0x0000000089600000|  0%| F|  |TAMS 0x0000000089500000, 0x0000000089500000| Untracked 
|  82|0x0000000089600000, 0x0000000089600000, 0x0000000089700000|  0%| F|  |TAMS 0x0000000089600000, 0x0000000089600000| Untracked 
|  83|0x0000000089700000, 0x0000000089700000, 0x0000000089800000|  0%| F|  |TAMS 0x0000000089700000, 0x0000000089700000| Untracked 
|  84|0x0000000089800000, 0x0000000089900000, 0x0000000089900000|100%| E|  |TAMS 0x0000000089800000, 0x0000000089800000| Complete 
|  85|0x0000000089900000, 0x0000000089a00000, 0x0000000089a00000|100%| E|CS|TAMS 0x0000000089900000, 0x0000000089900000| Complete 
|  86|0x0000000089a00000, 0x0000000089b00000, 0x0000000089b00000|100%| E|CS|TAMS 0x0000000089a00000, 0x0000000089a00000| Complete 
|  87|0x0000000089b00000, 0x0000000089c00000, 0x0000000089c00000|100%| E|CS|TAMS 0x0000000089b00000, 0x0000000089b00000| Complete 
|  88|0x0000000089c00000, 0x0000000089d00000, 0x0000000089d00000|100%| E|CS|TAMS 0x0000000089c00000, 0x0000000089c00000| Complete 
|  89|0x0000000089d00000, 0x0000000089e00000, 0x0000000089e00000|100%| E|CS|TAMS 0x0000000089d00000, 0x0000000089d00000| Complete 
|  90|0x0000000089e00000, 0x0000000089f00000, 0x0000000089f00000|100%| E|CS|TAMS 0x0000000089e00000, 0x0000000089e00000| Complete 
|  91|0x0000000089f00000, 0x000000008a000000, 0x000000008a000000|100%| E|CS|TAMS 0x0000000089f00000, 0x0000000089f00000| Complete 
|  92|0x000000008a000000, 0x000000008a100000, 0x000000008a100000|100%| E|CS|TAMS 0x000000008a000000, 0x000000008a000000| Complete 
|  93|0x000000008a100000, 0x000000008a200000, 0x000000008a200000|100%| E|CS|TAMS 0x000000008a100000, 0x000000008a100000| Complete 
|  94|0x000000008a200000, 0x000000008a300000, 0x000000008a300000|100%| E|CS|TAMS 0x000000008a200000, 0x000000008a200000| Complete 
|  95|0x000000008a300000, 0x000000008a400000, 0x000000008a400000|100%| E|CS|TAMS 0x000000008a300000, 0x000000008a300000| Complete 
|  96|0x000000008a400000, 0x000000008a500000, 0x000000008a500000|100%| E|CS|TAMS 0x000000008a400000, 0x000000008a400000| Complete 
|  97|0x000000008a500000, 0x000000008a600000, 0x000000008a600000|100%| E|CS|TAMS 0x000000008a500000, 0x000000008a500000| Complete 
|  98|0x000000008a600000, 0x000000008a700000, 0x000000008a700000|100%| E|CS|TAMS 0x000000008a600000, 0x000000008a600000| Complete 
|  99|0x000000008a700000, 0x000000008a800000, 0x000000008a800000|100%| E|CS|TAMS 0x000000008a700000, 0x000000008a700000| Complete 
| 100|0x000000008a800000, 0x000000008a900000, 0x000000008a900000|100%| E|CS|TAMS 0x000000008a800000, 0x000000008a800000| Complete 
| 101|0x000000008a900000, 0x000000008aa00000, 0x000000008aa00000|100%| E|CS|TAMS 0x000000008a900000, 0x000000008a900000| Complete 
| 102|0x000000008aa00000, 0x000000008ab00000, 0x000000008ab00000|100%| E|CS|TAMS 0x000000008aa00000, 0x000000008aa00000| Complete 
| 103|0x000000008ab00000, 0x000000008ac00000, 0x000000008ac00000|100%| E|CS|TAMS 0x000000008ab00000, 0x000000008ab00000| Complete 
| 104|0x000000008ac00000, 0x000000008ad00000, 0x000000008ad00000|100%| E|CS|TAMS 0x000000008ac00000, 0x000000008ac00000| Complete 
| 105|0x000000008ad00000, 0x000000008ae00000, 0x000000008ae00000|100%| E|CS|TAMS 0x000000008ad00000, 0x000000008ad00000| Complete 
| 106|0x000000008ae00000, 0x000000008af00000, 0x000000008af00000|100%| E|CS|TAMS 0x000000008ae00000, 0x000000008ae00000| Complete 
| 107|0x000000008af00000, 0x000000008b000000, 0x000000008b000000|100%| E|CS|TAMS 0x000000008af00000, 0x000000008af00000| Complete 
| 108|0x000000008b000000, 0x000000008b100000, 0x000000008b100000|100%| E|CS|TAMS 0x000000008b000000, 0x000000008b000000| Complete 
| 109|0x000000008b100000, 0x000000008b200000, 0x000000008b200000|100%| E|CS|TAMS 0x000000008b100000, 0x000000008b100000| Complete 
| 110|0x000000008b200000, 0x000000008b300000, 0x000000008b300000|100%| E|CS|TAMS 0x000000008b200000, 0x000000008b200000| Complete 
| 111|0x000000008b300000, 0x000000008b400000, 0x000000008b400000|100%| E|CS|TAMS 0x000000008b300000, 0x000000008b300000| Complete 
| 112|0x000000008b400000, 0x000000008b500000, 0x000000008b500000|100%| E|CS|TAMS 0x000000008b400000, 0x000000008b400000| Complete 
| 113|0x000000008b500000, 0x000000008b600000, 0x000000008b600000|100%| E|CS|TAMS 0x000000008b500000, 0x000000008b500000| Complete 
| 114|0x000000008b600000, 0x000000008b700000, 0x000000008b700000|100%| E|CS|TAMS 0x000000008b600000, 0x000000008b600000| Complete 
| 115|0x000000008b700000, 0x000000008b800000, 0x000000008b800000|100%| E|CS|TAMS 0x000000008b700000, 0x000000008b700000| Complete 
| 116|0x000000008b800000, 0x000000008b900000, 0x000000008b900000|100%| E|CS|TAMS 0x000000008b800000, 0x000000008b800000| Complete 
| 117|0x000000008b900000, 0x000000008ba00000, 0x000000008ba00000|100%| E|CS|TAMS 0x000000008b900000, 0x000000008b900000| Complete 
| 118|0x000000008ba00000, 0x000000008bb00000, 0x000000008bb00000|100%| E|CS|TAMS 0x000000008ba00000, 0x000000008ba00000| Complete 
| 119|0x000000008bb00000, 0x000000008bc00000, 0x000000008bc00000|100%| E|CS|TAMS 0x000000008bb00000, 0x000000008bb00000| Complete 
| 120|0x000000008bc00000, 0x000000008bd00000, 0x000000008bd00000|100%| E|CS|TAMS 0x000000008bc00000, 0x000000008bc00000| Complete 
| 121|0x000000008bd00000, 0x000000008be00000, 0x000000008be00000|100%| E|CS|TAMS 0x000000008bd00000, 0x000000008bd00000| Complete 
| 122|0x000000008be00000, 0x000000008bf00000, 0x000000008bf00000|100%| E|CS|TAMS 0x000000008be00000, 0x000000008be00000| Complete 
| 123|0x000000008bf00000, 0x000000008c000000, 0x000000008c000000|100%| E|CS|TAMS 0x000000008bf00000, 0x000000008bf00000| Complete 

Card table byte_map: [0x0000012cf6e80000,0x0000012cf7260000] _byte_map_base: 0x0000012cf6a5e000

Marking Bits (Prev, Next): (CMBitMap*) 0x0000012ce20a7560, (CMBitMap*) 0x0000012ce20a75a0
 Prev Bits: [0x0000012cf7640000, 0x0000012cf9530000)
 Next Bits: [0x0000012cf9530000, 0x0000012cfb420000)

Polling page: 0x0000012ce1d80000

Metaspace:

Usage:
  Non-class:     16.90 MB used.
      Class:      2.38 MB used.
       Both:     19.28 MB used.

Virtual space:
  Non-class space:       64.00 MB reserved,      17.06 MB ( 27%) committed,  1 nodes.
      Class space:        1.00 GB reserved,       2.56 MB ( <1%) committed,  1 nodes.
             Both:        1.06 GB reserved,      19.62 MB (  2%) committed. 

Chunk freelists:
   Non-Class:  14.16 MB
       Class:  13.49 MB
        Both:  27.65 MB

MaxMetaspaceSize: unlimited
CompressedClassSpaceSize: 1.00 GB
Initial GC threshold: 21.00 MB
Current GC threshold: 21.00 MB
CDS: on
MetaspaceReclaimPolicy: balanced
 - commit_granule_bytes: 65536.
 - commit_granule_words: 8192.
 - virtual_space_node_default_size: 8388608.
 - enlarge_chunks_in_place: 1.
 - new_chunks_are_fully_committed: 0.
 - uncommit_free_chunks: 1.
 - use_allocation_guard: 0.
 - handle_deallocations: 1.


Internal statistics:

num_allocs_failed_limit: 0.
num_arena_births: 132.
num_arena_deaths: 0.
num_vsnodes_births: 2.
num_vsnodes_deaths: 0.
num_space_committed: 314.
num_space_uncommitted: 0.
num_chunks_returned_to_freelist: 0.
num_chunks_taken_from_freelist: 863.
num_chunk_merges: 0.
num_chunk_splits: 571.
num_chunks_enlarged: 448.
num_inconsistent_stats: 0.

CodeHeap 'non-profiled nmethods': size=120000Kb used=2234Kb max_used=2234Kb free=117765Kb
 bounds [0x0000012cee8f0000, 0x0000012ceeb60000, 0x0000012cf5e20000]
CodeHeap 'profiled nmethods': size=120000Kb used=9281Kb max_used=9281Kb free=110718Kb
 bounds [0x0000012ce6e20000, 0x0000012ce7740000, 0x0000012cee350000]
CodeHeap 'non-nmethods': size=5760Kb used=1202Kb max_used=1244Kb free=4557Kb
 bounds [0x0000012cee350000, 0x0000012cee5c0000, 0x0000012cee8f0000]
 total_blobs=4956 nmethods=4470 adapters=398
 compilation: enabled
              stopped_count=0, restarted_count=0
 full_count=0

Compilation events (20 events):
Event: 2.618 Thread 0x0000012cfe3745c0 4459       3       java.lang.ProcessEnvironment$CheckedEntry::getKey (13 bytes)
Event: 2.618 Thread 0x0000012cfe3745c0 nmethod 4459 0x0000012ce772e810 code [0x0000012ce772e9c0, 0x0000012ce772ec88]
Event: 2.629 Thread 0x0000012cfe3745c0 4462       3       java.lang.invoke.LambdaForm$NamedFunction::methodType (23 bytes)
Event: 2.629 Thread 0x0000012cfe3745c0 nmethod 4462 0x0000012ce772ed90 code [0x0000012ce772ef40, 0x0000012ce772f188]
Event: 2.630 Thread 0x0000012cfe3745c0 4463       3       java.lang.invoke.InfoFromMemberName::getName (8 bytes)
Event: 2.630 Thread 0x0000012cfe3745c0 nmethod 4463 0x0000012ce772f290 code [0x0000012ce772f460, 0x0000012ce772f828]
Event: 2.630 Thread 0x0000012cfe3745c0 4464       3       java.lang.invoke.InfoFromMemberName::getMethodType (8 bytes)
Event: 2.630 Thread 0x0000012cfe3745c0 nmethod 4464 0x0000012ce772f990 code [0x0000012ce772fb40, 0x0000012ce772fc88]
Event: 2.630 Thread 0x0000012cfe3745c0 4466       3       java.lang.invoke.MemberName::<init> (50 bytes)
Event: 2.630 Thread 0x0000012cfe3745c0 nmethod 4466 0x0000012ce772fd90 code [0x0000012ce772ff60, 0x0000012ce7730278]
Event: 2.648 Thread 0x0000012cfea86640 nmethod 4317 0x0000012ceeb02c90 code [0x0000012ceeb03460, 0x0000012ceeb0a0c8]
Event: 2.648 Thread 0x0000012cfea86640 4432       4       java.lang.StringLatin1::lastIndexOf (125 bytes)
Event: 2.651 Thread 0x0000012cfea86640 nmethod 4432 0x0000012ceeb0dd90 code [0x0000012ceeb0df20, 0x0000012ceeb0e198]
Event: 2.651 Thread 0x0000012cfea86640 4353   !   4       java.util.zip.InflaterInputStream::read (138 bytes)
Event: 3.679 Thread 0x0000012cfe3740a0 nmethod 4349 0x0000012ceeb0e410 code [0x0000012ceeb0e9e0, 0x0000012ceeb155c8]
Event: 3.679 Thread 0x0000012cfe3740a0 4412       4       java.lang.Character::isJavaIdentifierPart (9 bytes)
Event: 3.680 Thread 0x0000012cfe3740a0 nmethod 4412 0x0000012ceeb19790 code [0x0000012ceeb19920, 0x0000012ceeb19a18]
Event: 3.695 Thread 0x0000012cfea86640 nmethod 4353 0x0000012ceeb19b10 code [0x0000012ceeb19dc0, 0x0000012ceeb1d350]
Event: 3.833 Thread 0x0000012cfe3745c0 4473       3       java.io.FileInputStream::available (5 bytes)
Event: 3.833 Thread 0x0000012cfe3745c0 nmethod 4473 0x0000012ce7730410 code [0x0000012ce77305a0, 0x0000012ce77306e8]

GC Heap History (6 events):
Event: 0.380 GC heap before
{Heap before GC invocations=0 (full 0):
 garbage-first heap   total 126976K, used 22528K [0x0000000084400000, 0x0000000100000000)
  region size 1024K, 23 young (23552K), 0 survivors (0K)
 Metaspace       used 5657K, committed 5824K, reserved 1114112K
  class space    used 707K, committed 768K, reserved 1048576K
}
Event: 0.385 GC heap after
{Heap after GC invocations=1 (full 0):
 garbage-first heap   total 126976K, used 3636K [0x0000000084400000, 0x0000000100000000)
  region size 1024K, 3 young (3072K), 3 survivors (3072K)
 Metaspace       used 5657K, committed 5824K, reserved 1114112K
  class space    used 707K, committed 768K, reserved 1048576K
}
Event: 0.689 GC heap before
{Heap before GC invocations=1 (full 0):
 garbage-first heap   total 126976K, used 35380K [0x0000000084400000, 0x0000000100000000)
  region size 1024K, 34 young (34816K), 3 survivors (3072K)
 Metaspace       used 9795K, committed 9984K, reserved 1114112K
  class space    used 1230K, committed 1280K, reserved 1048576K
}
Event: 0.694 GC heap after
{Heap after GC invocations=2 (full 0):
 garbage-first heap   total 126976K, used 5162K [0x0000000084400000, 0x0000000100000000)
  region size 1024K, 2 young (2048K), 2 survivors (2048K)
 Metaspace       used 9795K, committed 9984K, reserved 1114112K
  class space    used 1230K, committed 1280K, reserved 1048576K
}
Event: 2.195 GC heap before
{Heap before GC invocations=2 (full 0):
 garbage-first heap   total 126976K, used 78890K [0x0000000084400000, 0x0000000100000000)
  region size 1024K, 74 young (75776K), 2 survivors (2048K)
 Metaspace       used 17976K, committed 18176K, reserved 1114112K
  class space    used 2209K, committed 2304K, reserved 1048576K
}
Event: 2.206 GC heap after
{Heap after GC invocations=3 (full 0):
 garbage-first heap   total 126976K, used 10615K [0x0000000084400000, 0x0000000100000000)
  region size 1024K, 7 young (7168K), 7 survivors (7168K)
 Metaspace       used 17976K, committed 18176K, reserved 1114112K
  class space    used 2209K, committed 2304K, reserved 1048576K
}

Dll operation events (3 events):
Event: 0.008 Loaded shared library C:\Users\mahdi\.jdks\jbr-17.0.14\bin\java.dll
Event: 0.024 Loaded shared library C:\Users\mahdi\.jdks\jbr-17.0.14\bin\jsvml.dll
Event: 0.135 Loaded shared library C:\Users\mahdi\.jdks\jbr-17.0.14\bin\verify.dll

Deoptimization events (20 events):
Event: 2.611 Thread 0x0000012ce20482a0 Uncommon trap: trap_request=0xffffffc6 fr.pc=0x0000012ceeaad574 relative=0x00000000000003b4
Event: 2.611 Thread 0x0000012ce20482a0 Uncommon trap: reason=bimorphic_or_optimized_type_check action=maybe_recompile pc=0x0000012ceeaad574 method=java.util.regex.Matcher.match(II)Z @ 121 c2
Event: 2.611 Thread 0x0000012ce20482a0 DEOPT PACKING pc=0x0000012ceeaad574 sp=0x00000029511fd2c0
Event: 2.611 Thread 0x0000012ce20482a0 DEOPT UNPACKING pc=0x0000012cee3aa1a3 sp=0x00000029511fd238 mode 2
Event: 2.611 Thread 0x0000012ce20482a0 Uncommon trap: trap_request=0xffffffc6 fr.pc=0x0000012ceeaad574 relative=0x00000000000003b4
Event: 2.611 Thread 0x0000012ce20482a0 Uncommon trap: reason=bimorphic_or_optimized_type_check action=maybe_recompile pc=0x0000012ceeaad574 method=java.util.regex.Matcher.match(II)Z @ 121 c2
Event: 2.611 Thread 0x0000012ce20482a0 DEOPT PACKING pc=0x0000012ceeaad574 sp=0x00000029511fd2c0
Event: 2.611 Thread 0x0000012ce20482a0 DEOPT UNPACKING pc=0x0000012cee3aa1a3 sp=0x00000029511fd238 mode 2
Event: 2.611 Thread 0x0000012ce20482a0 Uncommon trap: trap_request=0xffffffc6 fr.pc=0x0000012ceeaad574 relative=0x00000000000003b4
Event: 2.611 Thread 0x0000012ce20482a0 Uncommon trap: reason=bimorphic_or_optimized_type_check action=maybe_recompile pc=0x0000012ceeaad574 method=java.util.regex.Matcher.match(II)Z @ 121 c2
Event: 2.611 Thread 0x0000012ce20482a0 DEOPT PACKING pc=0x0000012ceeaad574 sp=0x00000029511fd2c0
Event: 2.611 Thread 0x0000012ce20482a0 DEOPT UNPACKING pc=0x0000012cee3aa1a3 sp=0x00000029511fd238 mode 2
Event: 2.617 Thread 0x0000012ce20482a0 Uncommon trap: trap_request=0xffffffbe fr.pc=0x0000012cee9db1c8 relative=0x0000000000001088
Event: 2.617 Thread 0x0000012ce20482a0 Uncommon trap: reason=profile_predicate action=maybe_recompile pc=0x0000012cee9db1c8 method=java.util.TimSort.binarySort([Ljava/lang/Object;IIILjava/util/Comparator;)V @ 34 c2
Event: 2.617 Thread 0x0000012ce20482a0 DEOPT PACKING pc=0x0000012cee9db1c8 sp=0x00000029511fcfd0
Event: 2.617 Thread 0x0000012ce20482a0 DEOPT UNPACKING pc=0x0000012cee3aa1a3 sp=0x00000029511fcfa0 mode 2
Event: 2.617 Thread 0x0000012ce20482a0 Uncommon trap: trap_request=0xffffffbe fr.pc=0x0000012cee9db1c8 relative=0x0000000000001088
Event: 2.617 Thread 0x0000012ce20482a0 Uncommon trap: reason=profile_predicate action=maybe_recompile pc=0x0000012cee9db1c8 method=java.util.TimSort.binarySort([Ljava/lang/Object;IIILjava/util/Comparator;)V @ 34 c2
Event: 2.617 Thread 0x0000012ce20482a0 DEOPT PACKING pc=0x0000012cee9db1c8 sp=0x00000029511fcfd0
Event: 2.617 Thread 0x0000012ce20482a0 DEOPT UNPACKING pc=0x0000012cee3aa1a3 sp=0x00000029511fcfa0 mode 2

Classes loaded (20 events):
Event: 2.630 Loading class java/lang/ProcessHandle done
Event: 2.631 Loading class java/lang/ProcessHandleImpl done
Event: 2.632 Loading class java/util/concurrent/Executors
Event: 2.632 Loading class java/util/concurrent/Executors done
Event: 2.632 Loading class java/util/concurrent/SynchronousQueue
Event: 2.633 Loading class java/util/concurrent/SynchronousQueue done
Event: 2.633 Loading class java/util/concurrent/SynchronousQueue$TransferStack
Event: 2.633 Loading class java/util/concurrent/SynchronousQueue$Transferer
Event: 2.633 Loading class java/util/concurrent/SynchronousQueue$Transferer done
Event: 2.633 Loading class java/util/concurrent/SynchronousQueue$TransferStack done
Event: 2.633 Loading class java/util/concurrent/SynchronousQueue$TransferStack$SNode
Event: 2.633 Loading class java/util/concurrent/SynchronousQueue$TransferStack$SNode done
Event: 2.633 Loading class java/lang/ProcessImpl$2
Event: 2.633 Loading class java/lang/ProcessImpl$2 done
Event: 2.633 Loading class java/lang/Process$PipeInputStream
Event: 2.633 Loading class java/lang/Process$PipeInputStream done
Event: 2.634 Loading class jdk/internal/event/ProcessStartEvent
Event: 2.634 Loading class jdk/internal/event/ProcessStartEvent done
Event: 2.634 Loading class java/io/PipedOutputStream
Event: 2.634 Loading class java/io/PipedOutputStream done

Classes unloaded (0 events):
No events

Classes redefined (0 events):
No events

Internal exceptions (20 events):
Event: 1.217 Thread 0x0000012ce20482a0 Implicit null exception at 0x0000012cee9957d8 to 0x0000012cee99586e
Event: 1.320 Thread 0x0000012ce20482a0 Implicit null exception at 0x0000012cee9a68ea to 0x0000012cee9a6ab0
Event: 1.320 Thread 0x0000012ce20482a0 Implicit null exception at 0x0000012cee983a0f to 0x0000012cee983a89
Event: 1.335 Thread 0x0000012ce20482a0 Exception <a 'java/lang/NoSuchMethodError'{0x0000000089775a10}: 'java.lang.Object java.lang.invoke.DirectMethodHandle$Holder.newInvokeSpecial(java.lang.Object, java.lang.Object, java.lang.Object, java.lang.Object, java.lang.Object, java.lang.Object, java.lang.Object)'> (0x0000000089775a10) 
thrown [s\src\hotspot\share\interpreter\linkResolver.cpp, line 771]
Event: 1.335 Thread 0x0000012ce20482a0 Exception <a 'java/lang/NoSuchMethodError'{0x000000008977a320}: 'java.lang.Object java.lang.invoke.Invokers$Holder.linkToTargetMethod(java.lang.Object, java.lang.Object, java.lang.Object, java.lang.Object, java.lang.Object, java.lang.Object, java.lang.Object)'> (0x000000008977a320) 
thrown [s\src\hotspot\share\interpreter\linkResolver.cpp, line 771]
Event: 1.591 Thread 0x0000012ce20482a0 Implicit null exception at 0x0000012ceea4b96f to 0x0000012ceea4ddb0
Event: 1.596 Thread 0x0000012ce20482a0 Exception <a 'java/lang/NoSuchMethodError'{0x0000000088d80918}: 'int java.lang.invoke.DirectMethodHandle$Holder.invokeVirtual(java.lang.Object, java.lang.Object)'> (0x0000000088d80918) 
thrown [s\src\hotspot\share\interpreter\linkResolver.cpp, line 771]
Event: 1.629 Thread 0x0000012ce20482a0 Exception <a 'java/lang/NoSuchMethodError'{0x0000000088b6ed38}: 'int java.lang.invoke.DirectMethodHandle$Holder.invokeStatic(java.lang.Object, java.lang.Object, int)'> (0x0000000088b6ed38) 
thrown [s\src\hotspot\share\interpreter\linkResolver.cpp, line 771]
Event: 2.584 Thread 0x0000012ce20482a0 Exception <a 'sun/nio/fs/WindowsException'{0x0000000089c5b508}> (0x0000000089c5b508) 
thrown [s\src\hotspot\share\prims\jni.cpp, line 531]
Event: 2.584 Thread 0x0000012ce20482a0 Exception <a 'sun/nio/fs/WindowsException'{0x0000000089c5bd18}> (0x0000000089c5bd18) 
thrown [s\src\hotspot\share\prims\jni.cpp, line 531]
Event: 2.587 Thread 0x0000012ce20482a0 Exception <a 'sun/nio/fs/WindowsException'{0x0000000089c7b0f0}> (0x0000000089c7b0f0) 
thrown [s\src\hotspot\share\prims\jni.cpp, line 531]
Event: 2.587 Thread 0x0000012ce20482a0 Exception <a 'sun/nio/fs/WindowsException'{0x0000000089c80808}> (0x0000000089c80808) 
thrown [s\src\hotspot\share\prims\jni.cpp, line 531]
Event: 2.589 Thread 0x0000012ce20482a0 Exception <a 'sun/nio/fs/WindowsException'{0x0000000089c822e0}> (0x0000000089c822e0) 
thrown [s\src\hotspot\share\prims\jni.cpp, line 531]
Event: 2.589 Thread 0x0000012ce20482a0 Exception <a 'sun/nio/fs/WindowsException'{0x0000000089c83410}> (0x0000000089c83410) 
thrown [s\src\hotspot\share\prims\jni.cpp, line 531]
Event: 2.611 Thread 0x0000012ce20482a0 Exception <a 'java/lang/IncompatibleClassChangeError'{0x000000008990a6d0}: Found class java.lang.Object, but interface was expected> (0x000000008990a6d0) 
thrown [s\src\hotspot\share\interpreter\linkResolver.cpp, line 838]
Event: 2.629 Thread 0x0000012ce20482a0 Exception <a 'java/lang/NoSuchMethodError'{0x000000008995ada0}: 'void java.lang.invoke.DirectMethodHandle$Holder.invokeStatic(java.lang.Object, long)'> (0x000000008995ada0) 
thrown [s\src\hotspot\share\interpreter\linkResolver.cpp, line 771]
Event: 2.630 Thread 0x0000012ce20482a0 Exception <a 'java/lang/NoSuchMethodError'{0x0000000089960768}: 'java.lang.Object java.lang.invoke.DirectMethodHandle$Holder.newInvokeSpecial(java.lang.Object, long)'> (0x0000000089960768) 
thrown [s\src\hotspot\share\interpreter\linkResolver.cpp, line 771]
Event: 2.631 Thread 0x0000012ce20482a0 Exception <a 'java/lang/NoSuchMethodError'{0x000000008996b918}: 'java.lang.Object java.lang.invoke.DirectMethodHandle$Holder.invokeStaticInit(java.lang.Object, java.lang.Object, long, java.lang.Object)'> (0x000000008996b918) 
thrown [s\src\hotspot\share\interpreter\linkResolver.cpp, line 771]
Event: 2.632 Thread 0x0000012ce20482a0 Exception <a 'java/lang/NoSuchMethodError'{0x0000000089971fe8}: 'java.lang.Object java.lang.invoke.DirectMethodHandle$Holder.newInvokeSpecial(java.lang.Object, java.lang.Object, long)'> (0x0000000089971fe8) 
thrown [s\src\hotspot\share\interpreter\linkResolver.cpp, line 771]
Event: 2.632 Thread 0x0000012ce20482a0 Exception <a 'java/lang/NoSuchMethodError'{0x00000000899762d8}: 'java.lang.Object java.lang.invoke.Invokers$Holder.linkToTargetMethod(java.lang.Object, long, java.lang.Object)'> (0x00000000899762d8) 
thrown [s\src\hotspot\share\interpreter\linkResolver.cpp, line 771]

VM Operations (20 events):
Event: 1.594 Executing VM operation: ICBufferFull
Event: 1.594 Executing VM operation: ICBufferFull done
Event: 1.973 Executing VM operation: ICBufferFull
Event: 1.973 Executing VM operation: ICBufferFull done
Event: 2.195 Executing VM operation: G1CollectForAllocation
Event: 2.206 Executing VM operation: G1CollectForAllocation done
Event: 2.543 Executing VM operation: HandshakeAllThreads
Event: 2.543 Executing VM operation: HandshakeAllThreads done
Event: 2.561 Executing VM operation: HandshakeAllThreads
Event: 2.561 Executing VM operation: HandshakeAllThreads done
Event: 2.574 Executing VM operation: ICBufferFull
Event: 2.574 Executing VM operation: ICBufferFull done
Event: 2.586 Executing VM operation: HandshakeAllThreads
Event: 2.586 Executing VM operation: HandshakeAllThreads done
Event: 2.589 Executing VM operation: HandshakeAllThreads
Event: 2.589 Executing VM operation: HandshakeAllThreads done
Event: 2.633 Executing VM operation: HandshakeAllThreads
Event: 2.634 Executing VM operation: HandshakeAllThreads done
Event: 3.644 Executing VM operation: Cleanup
Event: 3.644 Executing VM operation: Cleanup done

Memory protections (0 events):
No events

Nmethod flushes (0 events):
No events

Events (20 events):
Event: 0.032 Thread 0x0000012ce20482a0 Thread added: 0x0000012cfe02a0d0
Event: 0.032 Thread 0x0000012ce20482a0 Thread added: 0x0000012cfe02e5c0
Event: 0.032 Thread 0x0000012ce20482a0 Thread added: 0x0000012cfe3740a0
Event: 0.032 Thread 0x0000012ce20482a0 Thread added: 0x0000012cfe3745c0
Event: 0.032 Thread 0x0000012ce20482a0 Thread added: 0x0000012cfe375ef0
Event: 0.040 Thread 0x0000012ce20482a0 Thread added: 0x0000012cfe4cb440
Event: 0.042 Thread 0x0000012ce20482a0 Thread added: 0x0000012cfe4ef230
Event: 0.044 Loaded shared library C:\Users\mahdi\.jdks\jbr-17.0.14\bin\net.dll
Event: 0.046 Loaded shared library C:\Users\mahdi\.jdks\jbr-17.0.14\bin\nio.dll
Event: 0.047 Loaded shared library C:\Users\mahdi\.jdks\jbr-17.0.14\bin\zip.dll
Event: 0.127 Thread 0x0000012ce20482a0 Thread added: 0x0000012cfe610d90
Event: 0.128 Loaded shared library C:\Program Files\JetBrains\IntelliJ IDEA 2025.2.1\plugins\maven\lib\maven3\lib\jansi-native\Windows\x86_64\jansi.dll
Event: 0.130 Loaded shared library C:\Users\mahdi\.jdks\jbr-17.0.14\bin\jimage.dll
Event: 0.136 Thread 0x0000012cfe610d90 Thread exited: 0x0000012cfe610d90
Event: 0.227 Thread 0x0000012cfe3745c0 Thread added: 0x0000012cfea86640
Event: 1.003 Thread 0x0000012ce20482a0 Thread added: 0x0000012cff158030
Event: 2.596 Thread 0x0000012cfe3745c0 Thread added: 0x0000012cc5387e30
Event: 2.635 Thread 0x0000012ce20482a0 Thread added: 0x0000012cff639750
Event: 2.635 Thread 0x0000012ce20482a0 Thread added: 0x0000012cc62e7d80
Event: 2.635 Thread 0x0000012ce20482a0 Thread added: 0x0000012cc60ce480


Dynamic libraries:
0x00007ff7ea0c0000 - 0x00007ff7ea0ca000 	C:\Users\mahdi\.jdks\jbr-17.0.14\bin\java.exe
0x00007ffca9d40000 - 0x00007ffca9fa8000 	C:\WINDOWS\SYSTEM32\ntdll.dll
0x00007ffca84f0000 - 0x00007ffca85b9000 	C:\WINDOWS\System32\KERNEL32.DLL
0x00007ffca74c0000 - 0x00007ffca78b1000 	C:\WINDOWS\System32\KERNELBASE.dll
0x00007ffca6760000 - 0x00007ffca68ab000 	C:\WINDOWS\System32\ucrtbase.dll
0x00007ffc686f0000 - 0x00007ffc68707000 	C:\Users\mahdi\.jdks\jbr-17.0.14\bin\jli.dll
0x00007ffc686d0000 - 0x00007ffc686eb000 	C:\Users\mahdi\.jdks\jbr-17.0.14\bin\VCRUNTIME140.dll
0x00007ffca7ec0000 - 0x00007ffca8086000 	C:\WINDOWS\System32\USER32.dll
0x00007ffc8b3c0000 - 0x00007ffc8b653000 	C:\WINDOWS\WinSxS\amd64_microsoft.windows.common-controls_6595b64144ccf1df_6.0.26100.7824_none_3e0870b2e3345462\COMCTL32.dll
0x00007ffca71e0000 - 0x00007ffca7207000 	C:\WINDOWS\System32\win32u.dll
0x00007ffca8970000 - 0x00007ffca899b000 	C:\WINDOWS\System32\GDI32.dll
0x00007ffca9050000 - 0x00007ffca90f9000 	C:\WINDOWS\System32\msvcrt.dll
0x00007ffca7210000 - 0x00007ffca733b000 	C:\WINDOWS\System32\gdi32full.dll
0x00007ffca7a30000 - 0x00007ffca7ad3000 	C:\WINDOWS\System32\msvcp_win.dll
0x00007ffca9010000 - 0x00007ffca9041000 	C:\WINDOWS\System32\IMM32.DLL
0x00007ffc7faf0000 - 0x00007ffc7fafc000 	C:\Users\mahdi\.jdks\jbr-17.0.14\bin\vcruntime140_1.dll
0x00007ffc34850000 - 0x00007ffc348dd000 	C:\Users\mahdi\.jdks\jbr-17.0.14\bin\msvcp140.dll
0x00007ffba96b0000 - 0x00007ffbaa33e000 	C:\Users\mahdi\.jdks\jbr-17.0.14\bin\server\jvm.dll
0x00007ffca8090000 - 0x00007ffca8144000 	C:\WINDOWS\System32\ADVAPI32.dll
0x00007ffca8250000 - 0x00007ffca82f6000 	C:\WINDOWS\System32\sechost.dll
0x00007ffca7d40000 - 0x00007ffca7e58000 	C:\WINDOWS\System32\RPCRT4.dll
0x00007ffca8f10000 - 0x00007ffca8f84000 	C:\WINDOWS\System32\WS2_32.dll
0x00007ffca5230000 - 0x00007ffca528e000 	C:\WINDOWS\SYSTEM32\POWRPROF.dll
0x00007ffc94be0000 - 0x00007ffc94beb000 	C:\WINDOWS\SYSTEM32\VERSION.dll
0x00007ffc9a070000 - 0x00007ffc9a0a5000 	C:\WINDOWS\SYSTEM32\WINMM.dll
0x00007ffca5210000 - 0x00007ffca5224000 	C:\WINDOWS\SYSTEM32\UMPDC.dll
0x00007ffca54e0000 - 0x00007ffca54fb000 	C:\WINDOWS\SYSTEM32\kernel.appcore.dll
0x00007ffc686c0000 - 0x00007ffc686ca000 	C:\Users\mahdi\.jdks\jbr-17.0.14\bin\jimage.dll
0x00007ffca44c0000 - 0x00007ffca4702000 	C:\WINDOWS\SYSTEM32\DBGHELP.DLL
0x00007ffca85c0000 - 0x00007ffca8946000 	C:\WINDOWS\System32\combase.dll
0x00007ffca89a0000 - 0x00007ffca8a77000 	C:\WINDOWS\System32\OLEAUT32.dll
0x00007ffc9ba00000 - 0x00007ffc9ba3b000 	C:\WINDOWS\SYSTEM32\dbgcore.DLL
0x00007ffca66b0000 - 0x00007ffca6755000 	C:\WINDOWS\System32\bcryptPrimitives.dll
0x00007ffc63040000 - 0x00007ffc63065000 	C:\Users\mahdi\.jdks\jbr-17.0.14\bin\java.dll
0x00007ffc34770000 - 0x00007ffc34847000 	C:\Users\mahdi\.jdks\jbr-17.0.14\bin\jsvml.dll
0x00007ffca93c0000 - 0x00007ffca9b12000 	C:\WINDOWS\System32\SHELL32.dll
0x00007ffca78c0000 - 0x00007ffca7a2a000 	C:\WINDOWS\System32\wintypes.dll
0x00007ffca68b0000 - 0x00007ffca7113000 	C:\WINDOWS\System32\windows.storage.dll
0x00007ffca9240000 - 0x00007ffca9336000 	C:\WINDOWS\System32\SHCORE.dll
0x00007ffca8480000 - 0x00007ffca84e7000 	C:\WINDOWS\System32\shlwapi.dll
0x00007ffca6540000 - 0x00007ffca6569000 	C:\WINDOWS\SYSTEM32\profapi.dll
0x00007ffc63f30000 - 0x00007ffc63f48000 	C:\Users\mahdi\.jdks\jbr-17.0.14\bin\zip.dll
0x00007ffc62fd0000 - 0x00007ffc62fe9000 	C:\Users\mahdi\.jdks\jbr-17.0.14\bin\net.dll
0x00007ffc9ded0000 - 0x00007ffc9dff7000 	C:\WINDOWS\SYSTEM32\WINHTTP.dll
0x00007ffca5a50000 - 0x00007ffca5abb000 	C:\WINDOWS\system32\mswsock.dll
0x00007ffc62f00000 - 0x00007ffc62f16000 	C:\Users\mahdi\.jdks\jbr-17.0.14\bin\nio.dll
0x00007ffc6d820000 - 0x00007ffc6d844000 	C:\Program Files\JetBrains\IntelliJ IDEA 2025.2.1\plugins\maven\lib\maven3\lib\jansi-native\Windows\x86_64\jansi.dll
0x00007ffc62ff0000 - 0x00007ffc63000000 	C:\Users\mahdi\.jdks\jbr-17.0.14\bin\verify.dll
0x00007ffca5600000 - 0x00007ffca5636000 	C:\WINDOWS\SYSTEM32\ntmarta.dll

dbghelp: loaded successfully - version: 4.0.5 - missing functions: none
symbol engine: initialized successfully - sym options: 0x614 - pdb path: .;C:\Users\mahdi\.jdks\jbr-17.0.14\bin;C:\WINDOWS\SYSTEM32;C:\WINDOWS\WinSxS\amd64_microsoft.windows.common-controls_6595b64144ccf1df_6.0.26100.7824_none_3e0870b2e3345462;C:\Users\mahdi\.jdks\jbr-17.0.14\bin\server;C:\Program Files\JetBrains\IntelliJ IDEA 2025.2.1\plugins\maven\lib\maven3\lib\jansi-native\Windows\x86_64

VM Arguments:
jvm_args: -Dclassworlds.conf=C:\Program Files\JetBrains\IntelliJ IDEA 2025.2.1\plugins\maven\lib\maven3\bin\m2.conf -Dmaven.home=C:\Program Files\JetBrains\IntelliJ IDEA 2025.2.1\plugins\maven\lib\maven3 -Dlibrary.jansi.path=C:\Program Files\JetBrains\IntelliJ IDEA 2025.2.1\plugins\maven\lib\maven3\lib\jansi-native -Dmaven.multiModuleProjectDirectory=C:\Users\mahdi\Desktop\PIDEV\Gestion Des Projets 
java_command: org.codehaus.plexus.classworlds.launcher.Launcher -Didea.version=2025.2.1 -Dmaven.ext.class.path=C:\Program Files\JetBrains\IntelliJ IDEA 2025.2.1\plugins\maven\lib\maven-event-listener.jar -Djansi.passthrough=true -Dstyle.color=always -Dmaven.repo.local=C:\Users\mahdi\.m2\repository org.openjfx:javafx-maven-plugin:0.0.8:run -f pom.xml
java_class_path (initial): C:\Program Files\JetBrains\IntelliJ IDEA 2025.2.1\plugins\maven\lib\maven3\boot\plexus-classworlds-2.8.0.jar
Launcher Type: SUN_STANDARD

[Global flags]
     intx CICompilerCount                          = 4                                         {product} {ergonomic}
     uint ConcGCThreads                            = 3                                         {product} {ergonomic}
     uint G1ConcRefinementThreads                  = 10                                        {product} {ergonomic}
   size_t G1HeapRegionSize                         = 1048576                                   {product} {ergonomic}
    uintx GCDrainStackTargetSize                   = 64                                        {product} {ergonomic}
   size_t InitialHeapSize                          = 130023424                                 {product} {ergonomic}
   size_t MarkStackSize                            = 4194304                                   {product} {ergonomic}
   size_t MaxHeapSize                              = 2076180480                                {product} {ergonomic}
   size_t MaxNewSize                               = 1245708288                                {product} {ergonomic}
   size_t MinHeapDeltaBytes                        = 1048576                                   {product} {ergonomic}
   size_t MinHeapSize                              = 8388608                                   {product} {ergonomic}
    uintx NonNMethodCodeHeapSize                   = 5839372                                {pd product} {ergonomic}
    uintx NonProfiledCodeHeapSize                  = 122909434                              {pd product} {ergonomic}
    uintx ProfiledCodeHeapSize                     = 122909434                              {pd product} {ergonomic}
    uintx ReservedCodeCacheSize                    = 251658240                              {pd product} {ergonomic}
     bool SegmentedCodeCache                       = true                                      {product} {ergonomic}
   size_t SoftMaxHeapSize                          = 2076180480                             {manageable} {ergonomic}
     bool UseCompressedClassPointers               = true                           {product lp64_product} {ergonomic}
     bool UseCompressedOops                        = true                           {product lp64_product} {ergonomic}
     bool UseG1GC                                  = true                                      {product} {ergonomic}
     bool UseLargePagesIndividualAllocation        = false                                  {pd product} {ergonomic}

Logging:
Log output configuration:
 #0: stdout all=warning uptime,level,tags
 #1: stderr all=off uptime,level,tags

Environment Variables:
JAVA_HOME=C:\Users\mahdi\.jdks\jbr-17.0.14
PATH=C:\oraclexe\app\oracle\product\11.2.0\server\bin;;C:\Users\mahdi\.jdks\jbr-17.0.14\bin;C:\Program Files\Common Files\Oracle\Java\javapath;C:\Program Files (x86)\VMware\VMware Workstation\bin\;C:\Windows\system32;C:\Windows;C:\Windows\System32\Wbem;C:\Windows\System32\WindowsPowerShell\v1.0\;C:\Windows\System32\OpenSSH\;C:\Program Files (x86)\NVIDIA Corporation\PhysX\Common;C:\Program Files\NVIDIA Corporation\NVIDIA NvDLISR;C:\WINDOWS\system32;C:\WINDOWS;C:\WINDOWS\System32\Wbem;C:\WINDOWS\System32\WindowsPowerShell\v1.0\;C:\WINDOWS\System32\OpenSSH\;C:\xampp\php;C:\ProgramData\ComposerSetup\bin;C:\Program Files\Git\cmd;C:\Users\mahdi\scoop\shims;C:\Users\mahdi\AppData\Local\Programs\Python\Launcher\;C:\Users\mahdi\AppData\Local\Microsoft\WindowsApps;C:\Users\mahdi\AppData\Local\Programs\Microsoft VS Code\bin;C:\Users\mahdi\AppData\Roaming\Composer\vendor\bin
USERNAME=mahdi
OS=Windows_NT
PROCESSOR_IDENTIFIER=Intel64 Family 6 Model 141 Stepping 1, GenuineIntel
TMP=C:\Users\mahdi\AppData\Local\Temp
TEMP=C:\Users\mahdi\AppData\Local\Temp



Periodic native trim disabled

JNI global refs:
JNI global refs: 9, weak refs: 0

JNI global refs memory usage: 843, weak refs: 209

Process memory usage:
Resident Set Size: 240452K (2% of 8104524K total physical memory with 520636K free physical memory)

OOME stack traces (most recent first):
Classloader memory used:
Loader org.codehaus.plexus.classworlds.realm.ClassRealm                                : 1826K
Loader bootstrap                                                                       : 589K
Loader jdk.internal.loader.ClassLoaders$AppClassLoader                                 : 28389B
Loader org.eclipse.sisu.space.CloningClassSpace$CloningClassLoader                     : 10569B
Loader jdk.internal.loader.ClassLoaders$PlatformClassLoader                            : 8660B
Loader jdk.internal.reflect.DelegatingClassLoader                                      : 5538B

Classes loaded by more than one classloader:
Class org.codehaus.plexus.util.MatchPatterns                                          : loaded 3 times (x 73B)
Class org.sonatype.plexus.components.sec.dispatcher.DefaultSecDispatcher              : loaded 2 times (x 81B)
Class org.codehaus.plexus.util.DirectoryScanner                                       : loaded 2 times (x 113B)
Class org.codehaus.plexus.interpolation.BasicInterpolator                             : loaded 2 times (x 68B)
Class org.codehaus.plexus.languages.java.jpms.ResolvePathResult                       : loaded 2 times (x 74B)
Class org.codehaus.plexus.languages.java.jpms.LocationManager                         : loaded 2 times (x 72B)
Class org.codehaus.plexus.util.Scanner                                                : loaded 2 times (x 68B)
Class org.sonatype.plexus.components.cipher.PlexusCipherException                     : loaded 2 times (x 80B)
Class [Lorg.codehaus.plexus.util.MatchPattern;                                        : loaded 2 times (x 67B)
Class org.codehaus.plexus.interpolation.ValueSource                                   : loaded 2 times (x 68B)
Class org.codehaus.plexus.util.AbstractScanner                                        : loaded 2 times (x 98B)
Class org.codehaus.plexus.util.MatchPattern                                           : loaded 2 times (x 76B)
Class org.codehaus.plexus.languages.java.jpms.ResolvePathsRequest                     : loaded 2 times (x 80B)
Class org.codehaus.plexus.languages.java.jpms.JavaModuleDescriptor                    : loaded 2 times (x 76B)
Class org.codehaus.plexus.interpolation.RecursionInterceptor                          : loaded 2 times (x 68B)
Class org.apache.maven.shared.utils.logging.MessageBuilder                            : loaded 2 times (x 68B)
Class org.codehaus.plexus.languages.java.jpms.SourceModuleInfoParser                  : loaded 2 times (x 70B)
Class org.sonatype.plexus.components.sec.dispatcher.model.SettingsSecurity            : loaded 2 times (x 80B)
Class org.sonatype.plexus.components.cipher.PlexusCipher                              : loaded 2 times (x 68B)
Class org.sonatype.plexus.components.sec.dispatcher.SecDispatcher                     : loaded 2 times (x 68B)
Class org.codehaus.plexus.interpolation.PropertiesBasedValueSource                    : loaded 2 times (x 80B)
Class org.codehaus.plexus.interpolation.AbstractValueSource                           : loaded 2 times (x 80B)
Class org.sonatype.plexus.components.sec.dispatcher.SecDispatcherException            : loaded 2 times (x 80B)
Class org.sonatype.plexus.components.cipher.DefaultPlexusCipher                       : loaded 2 times (x 91B)
Class org.codehaus.plexus.util.Os                                                     : loaded 2 times (x 75B)
Class org.codehaus.plexus.languages.java.jpms.ModuleInfoParser                        : loaded 2 times (x 68B)
Class org.codehaus.plexus.util.SelectorUtils                                          : loaded 2 times (x 69B)
Class org.codehaus.plexus.util.StringUtils                                            : loaded 2 times (x 69B)
Class org.codehaus.plexus.languages.java.jpms.ManifestModuleNameExtractor             : loaded 2 times (x 73B)
Class org.codehaus.plexus.languages.java.jpms.ResolvePathRequest                      : loaded 2 times (x 74B)
Class org.codehaus.plexus.languages.java.jpms.ResolvePathsResult                      : loaded 2 times (x 80B)
Class org.codehaus.plexus.util.cli.CommandLineException                               : loaded 2 times (x 80B)
Class org.sonatype.plexus.components.cipher.PBECipher                                 : loaded 2 times (x 72B)
Class org.codehaus.plexus.interpolation.Interpolator                                  : loaded 2 times (x 68B)
Class org.codehaus.plexus.languages.java.jpms.ModuleNameExtractor                     : loaded 2 times (x 68B)


---------------  S Y S T E M  ---------------

OS:
 Windows 11 , 64 bit Build 26100 (10.0.26100.7705)
OS uptime: 1 days 16:56 hours
Hyper-V role detected

CPU: total 12 (initial active 12) (6 cores per cpu, 2 threads per core) family 6 model 141 stepping 1 microcode 0x50, cx8, cmov, fxsr, ht, mmx, 3dnowpref, sse, sse2, sse3, ssse3, sse4.1, sse4.2, popcnt, lzcnt, tsc, tscinvbit, avx, avx2, aes, erms, clmul, bmi1, bmi2, adx, avx512f, avx512dq, avx512cd, avx512bw, avx512vl, sha, fma, vzeroupper, avx512_vpopcntdq, avx512_vpclmulqdq, avx512_vaes, avx512_vnni, clflush, clflushopt, clwb, avx512_vbmi2, avx512_vbmi, hv
Processor Information for all 12 processors :
  Max Mhz: 2688, Current Mhz: 2688, Mhz Limit: 2688

Memory: 4k page, system-wide physical 7914M (539M free)
TotalPageFile size 32490M (AvailPageFile size 364M)
current process WorkingSet (physical memory assigned to process): 235M, peak: 235M
current process commit charge ("private bytes"): 320M, peak: 321M

vm_info: OpenJDK 64-Bit Server VM (17.0.14+1-b1367.22) for windows-amd64 JRE (17.0.14+1-b1367.22), built on 2025-01-30 by "builduser" with MS VC++ 16.10 / 16.11 (VS2019)

END.
