#
# There is insufficient memory for the Java Runtime Environment to continue.
# Native memory allocation (malloc) failed to allocate 1048576 bytes. Error detail: AllocateHeap
# Possible reasons:
#   The system is out of physical RAM or swap space
#   This process is running with CompressedOops enabled, and the Java Heap may be blocking the growth of the native heap
# Possible solutions:
#   Reduce memory load on the system
#   Increase physical memory or swap space
#   Check if swap backing store is full
#   Decrease Java heap size (-Xmx/-Xms)
#   Decrease number of Java threads
#   Decrease Java thread stack sizes (-Xss)
#   Set larger code cache with -XX:ReservedCodeCacheSize=
#   JVM is running with Unscaled Compressed Oops mode in which the Java heap is
#     placed in the first 4GB address space. The Java Heap base address is the
#     maximum limit for the native heap growth. Please use -XX:HeapBaseMinAddress
#     to set the Java Heap base and to place the Java Heap above 4GB virtual address.
# This output file may be truncated or incomplete.
#
#  Out of Memory Error (allocation.cpp:44), pid=29764, tid=26992
#
# JRE version:  (17.0.14+1) (build )
# Java VM: OpenJDK 64-Bit Server VM (17.0.14+1-b1367.22, mixed mode, sharing, tiered, compressed oops, compressed class ptrs, g1 gc, windows-amd64)
# No core dump will be written. Minidumps are not enabled by default on client versions of Windows
#

---------------  S U M M A R Y ------------

Command Line: --add-modules=javafx.controls,javafx.fxml --module-path=C:\Users\mahdi\.m2\repository\org\openjfx\javafx-base\22.0.1\javafx-base-22.0.1-win.jar;C:\Users\mahdi\.m2\repository\org\openjfx\javafx-base\22.0.1\javafx-base-22.0.1.jar;C:\Users\mahdi\.m2\repository\org\openjfx\javafx-controls\22.0.1\javafx-controls-22.0.1-win.jar;C:\Users\mahdi\.m2\repository\org\openjfx\javafx-controls\22.0.1\javafx-controls-22.0.1.jar;C:\Users\mahdi\.m2\repository\org\openjfx\javafx-fxml\22.0.1\javafx-fxml-22.0.1-win.jar;C:\Users\mahdi\.m2\repository\org\openjfx\javafx-fxml\22.0.1\javafx-fxml-22.0.1.jar;C:\Users\mahdi\.m2\repository\org\openjfx\javafx-graphics\22.0.1\javafx-graphics-22.0.1-win.jar;C:\Users\mahdi\.m2\repository\org\openjfx\javafx-graphics\22.0.1\javafx-graphics-22.0.1.jar --add-modules=javafx.base,javafx.controls,javafx.fxml,javafx.graphics edu.najahni.controllers.View

Host: 11th Gen Intel(R) Core(TM) i5-11400H @ 2.70GHz, 12 cores, 7G,  Windows 11 , 64 bit Build 26100 (10.0.26100.7705)
Time: Sat Feb 14 22:23:16 2026 W. Central Africa Standard Time elapsed time: 0.050687 seconds (0d 0h 0m 0s)

---------------  T H R E A D  ---------------

Current thread (0x000001ca10a56d60):  JavaThread "Unknown thread" [_thread_in_vm, id=26992, stack(0x000000bb7f600000,0x000000bb7f700000)]

Stack: [0x000000bb7f600000,0x000000bb7f700000]
Native frames: (J=compiled Java code, j=interpreted, Vv=VM code, C=native code)
V  [jvm.dll+0x68b969]  os::platform_print_native_stack+0xd9  (os_windows_x86.cpp:235)
V  [jvm.dll+0x84572a]  VMError::report+0xc6a  (vmError.cpp:868)
V  [jvm.dll+0x8473ae]  VMError::report_and_die+0x78e  (vmError.cpp:1766)
V  [jvm.dll+0x847a13]  VMError::report_and_die+0x43  (vmError.cpp:1552)
V  [jvm.dll+0x24a83f]  report_vm_out_of_memory+0x8f  (debug.cpp:321)
V  [jvm.dll+0xa7103]  AllocateHeap+0x73  (allocation.cpp:52)
V  [jvm.dll+0x2eaae2]  G1ConcurrentMark::G1ConcurrentMark+0x762  (g1ConcurrentMark.cpp:447)
V  [jvm.dll+0x2e27fb]  G1CollectedHeap::initialize+0x63b  (g1CollectedHeap.cpp:1709)
V  [jvm.dll+0x815ffb]  universe_init+0xbb  (universe.cpp:737)
V  [jvm.dll+0x370e88]  init_globals+0x48  (init.cpp:131)
V  [jvm.dll+0x7f4875]  Threads::create_vm+0x5e5  (thread.cpp:2909)
V  [jvm.dll+0x3f54ef]  JNI_CreateJavaVM_inner+0x8f  (jni.cpp:3654)
V  [jvm.dll+0x3f70c1]  JNI_CreateJavaVM+0x11  (jni.cpp:3746)
C  [jli.dll+0x52ab]  JavaMain+0x113  (java.c:413)
C  [ucrtbase.dll+0x37b0]
C  [KERNEL32.DLL+0x2e8d7]
C  [ntdll.dll+0x8c40c]


---------------  P R O C E S S  ---------------

Threads class SMR info:
_java_thread_list=0x00007ffbaa1f9018, length=0, elements={
}

Java Threads: ( => current thread )

Other Threads:
  0x000001ca10ab2ca0 GCTaskThread "GC Thread#0" [stack: 0x000000bb7f700000,0x000000bb7f800000] [id=4532]

[error occurred during error reporting (printing all threads), id 0xc0000005, EXCEPTION_ACCESS_VIOLATION (0xc0000005) at pc=0x00007ffba999f780]

VM state: not at safepoint (not fully initialized)

VM Mutex/Monitor currently owned by a thread:  ([mutex/lock_event])
[0x000001ca10a51cc0] Heap_lock - owner thread: 0x000001ca10a56d60

Heap address: 0x0000000084400000, size: 1980 MB, Compressed Oops mode: 32-bit

CDS archive(s) mapped at: [0x0000000000000000-0x0000000000000000-0x0000000000000000), size 0, SharedBaseAddress: 0x0000000800000000, ArchiveRelocationMode: 1.
Narrow klass base: 0x0000000000000000, Narrow klass shift: 0, Narrow klass range: 0x0

GC Precious Log:
<Empty>

Heap:
 garbage-first heap   total 0K, used 0K [0x0000000084400000, 0x0000000100000000)
  region size 1024K, 0 young (0K), 0 survivors (0K)
 Metaspace       used 0K, committed 0K, reserved 0K
  class space    used 0K, committed 0K, reserved 0K

Heap Regions: E=young(eden), S=young(survivor), O=old, HS=humongous(starts), HC=humongous(continues), CS=collection set, F=free, OA=open archive, CA=closed archive, TAMS=top-at-mark-start (previous, next)

Card table byte_map: [0x000001ca25880000,0x000001ca25c60000] _byte_map_base: 0x000001ca2545e000

GC Heap History (0 events):
No events

Dll operation events (1 events):
Event: 0.007 Loaded shared library C:\Users\mahdi\.jdks\jbr-17.0.14\bin\java.dll

Deoptimization events (0 events):
No events

Classes loaded (0 events):
No events

Classes unloaded (0 events):
No events

Classes redefined (0 events):
No events

Internal exceptions (0 events):
No events

VM Operations (0 events):
No events

Memory protections (0 events):
No events

Nmethod flushes (0 events):
No events

Events (0 events):
No events


Dynamic libraries:
0x00007ff7ea0c0000 - 0x00007ff7ea0ca000 	C:\Users\mahdi\.jdks\jbr-17.0.14\bin\java.exe
0x00007ffca9d40000 - 0x00007ffca9fa8000 	C:\WINDOWS\SYSTEM32\ntdll.dll
0x00007ffca84f0000 - 0x00007ffca85b9000 	C:\WINDOWS\System32\KERNEL32.DLL
0x00007ffca74c0000 - 0x00007ffca78b1000 	C:\WINDOWS\System32\KERNELBASE.dll
0x00007ffca6760000 - 0x00007ffca68ab000 	C:\WINDOWS\System32\ucrtbase.dll
0x00007ffc686d0000 - 0x00007ffc686eb000 	C:\Users\mahdi\.jdks\jbr-17.0.14\bin\VCRUNTIME140.dll
0x00007ffc686f0000 - 0x00007ffc68707000 	C:\Users\mahdi\.jdks\jbr-17.0.14\bin\jli.dll
0x00007ffca7ec0000 - 0x00007ffca8086000 	C:\WINDOWS\System32\USER32.dll
0x00007ffca71e0000 - 0x00007ffca7207000 	C:\WINDOWS\System32\win32u.dll
0x00007ffc8b3c0000 - 0x00007ffc8b653000 	C:\WINDOWS\WinSxS\amd64_microsoft.windows.common-controls_6595b64144ccf1df_6.0.26100.7824_none_3e0870b2e3345462\COMCTL32.dll
0x00007ffca8970000 - 0x00007ffca899b000 	C:\WINDOWS\System32\GDI32.dll
0x00007ffca9050000 - 0x00007ffca90f9000 	C:\WINDOWS\System32\msvcrt.dll
0x00007ffca7210000 - 0x00007ffca733b000 	C:\WINDOWS\System32\gdi32full.dll
0x00007ffca7a30000 - 0x00007ffca7ad3000 	C:\WINDOWS\System32\msvcp_win.dll
0x00007ffca9010000 - 0x00007ffca9041000 	C:\WINDOWS\System32\IMM32.DLL
0x00007ffc7faf0000 - 0x00007ffc7fafc000 	C:\Users\mahdi\.jdks\jbr-17.0.14\bin\vcruntime140_1.dll
0x00007ffc34850000 - 0x00007ffc348dd000 	C:\Users\mahdi\.jdks\jbr-17.0.14\bin\msvcp140.dll
0x00007ffba96b0000 - 0x00007ffbaa33e000 	C:\Users\mahdi\.jdks\jbr-17.0.14\bin\server\jvm.dll
0x00007ffca8090000 - 0x00007ffca8144000 	C:\WINDOWS\System32\ADVAPI32.dll
0x00007ffca8250000 - 0x00007ffca82f6000 	C:\WINDOWS\System32\sechost.dll
0x00007ffca7d40000 - 0x00007ffca7e58000 	C:\WINDOWS\System32\RPCRT4.dll
0x00007ffca8f10000 - 0x00007ffca8f84000 	C:\WINDOWS\System32\WS2_32.dll
0x00007ffca5230000 - 0x00007ffca528e000 	C:\WINDOWS\SYSTEM32\POWRPROF.dll
0x00007ffc94be0000 - 0x00007ffc94beb000 	C:\WINDOWS\SYSTEM32\VERSION.dll
0x00007ffc9a070000 - 0x00007ffc9a0a5000 	C:\WINDOWS\SYSTEM32\WINMM.dll
0x00007ffca5210000 - 0x00007ffca5224000 	C:\WINDOWS\SYSTEM32\UMPDC.dll
0x00007ffca54e0000 - 0x00007ffca54fb000 	C:\WINDOWS\SYSTEM32\kernel.appcore.dll
0x00007ffc686c0000 - 0x00007ffc686ca000 	C:\Users\mahdi\.jdks\jbr-17.0.14\bin\jimage.dll
0x00007ffca44c0000 - 0x00007ffca4702000 	C:\WINDOWS\SYSTEM32\DBGHELP.DLL
0x00007ffca85c0000 - 0x00007ffca8946000 	C:\WINDOWS\System32\combase.dll
0x00007ffca89a0000 - 0x00007ffca8a77000 	C:\WINDOWS\System32\OLEAUT32.dll
0x00007ffc9ba00000 - 0x00007ffc9ba3b000 	C:\WINDOWS\SYSTEM32\dbgcore.DLL
0x00007ffca66b0000 - 0x00007ffca6755000 	C:\WINDOWS\System32\bcryptPrimitives.dll
0x00007ffc63040000 - 0x00007ffc63065000 	C:\Users\mahdi\.jdks\jbr-17.0.14\bin\java.dll

dbghelp: loaded successfully - version: 4.0.5 - missing functions: none
symbol engine: initialized successfully - sym options: 0x614 - pdb path: .;C:\Users\mahdi\.jdks\jbr-17.0.14\bin;C:\WINDOWS\SYSTEM32;C:\WINDOWS\WinSxS\amd64_microsoft.windows.common-controls_6595b64144ccf1df_6.0.26100.7824_none_3e0870b2e3345462;C:\Users\mahdi\.jdks\jbr-17.0.14\bin\server

VM Arguments:
jvm_args: --add-modules=javafx.controls,javafx.fxml --module-path=C:\Users\mahdi\.m2\repository\org\openjfx\javafx-base\22.0.1\javafx-base-22.0.1-win.jar;C:\Users\mahdi\.m2\repository\org\openjfx\javafx-base\22.0.1\javafx-base-22.0.1.jar;C:\Users\mahdi\.m2\repository\org\openjfx\javafx-controls\22.0.1\javafx-controls-22.0.1-win.jar;C:\Users\mahdi\.m2\repository\org\openjfx\javafx-controls\22.0.1\javafx-controls-22.0.1.jar;C:\Users\mahdi\.m2\repository\org\openjfx\javafx-fxml\22.0.1\javafx-fxml-22.0.1-win.jar;C:\Users\mahdi\.m2\repository\org\openjfx\javafx-fxml\22.0.1\javafx-fxml-22.0.1.jar;C:\Users\mahdi\.m2\repository\org\openjfx\javafx-graphics\22.0.1\javafx-graphics-22.0.1-win.jar;C:\Users\mahdi\.m2\repository\org\openjfx\javafx-graphics\22.0.1\javafx-graphics-22.0.1.jar --add-modules=javafx.base,javafx.controls,javafx.fxml,javafx.graphics 
java_command: edu.najahni.controllers.View
java_class_path (initial): C:\Users\mahdi\Desktop\PIDEV\Gestion Des Projets\target\classes;C:\Users\mahdi\.m2\repository\com\google\protobuf\protobuf-java\3.21.9\protobuf-java-3.21.9.jar;C:\Users\mahdi\.m2\repository\com\mysql\mysql-connector-j\8.0.33\mysql-connector-j-8.0.33.jar
Launcher Type: SUN_STANDARD

[Global flags]
     intx CICompilerCount                          = 4                                         {product} {ergonomic}
     uint ConcGCThreads                            = 3                                         {product} {ergonomic}
     uint G1ConcRefinementThreads                  = 10                                        {product} {ergonomic}
   size_t G1HeapRegionSize                         = 1048576                                   {product} {ergonomic}
    uintx GCDrainStackTargetSize                   = 64                                        {product} {ergonomic}
   size_t InitialHeapSize                          = 130023424                                 {product} {ergonomic}
   size_t MarkStackSize                            = 4194304                                   {product} {ergonomic}
   size_t MaxHeapSize                              = 2076180480                                {product} {ergonomic}
   size_t MinHeapDeltaBytes                        = 1048576                                   {product} {ergonomic}
   size_t MinHeapSize                              = 8388608                                   {product} {ergonomic}
    uintx NonNMethodCodeHeapSize                   = 5839372                                {pd product} {ergonomic}
    uintx NonProfiledCodeHeapSize                  = 122909434                              {pd product} {ergonomic}
    uintx ProfiledCodeHeapSize                     = 122909434                              {pd product} {ergonomic}
    uintx ReservedCodeCacheSize                    = 251658240                              {pd product} {ergonomic}
     bool SegmentedCodeCache                       = true                                      {product} {ergonomic}
   size_t SoftMaxHeapSize                          = 2076180480                             {manageable} {ergonomic}
     bool UseCompressedClassPointers               = true                           {product lp64_product} {ergonomic}
     bool UseCompressedOops                        = true                           {product lp64_product} {ergonomic}
     bool UseG1GC                                  = true                                      {product} {ergonomic}
     bool UseLargePagesIndividualAllocation        = false                                  {pd product} {ergonomic}

Logging:
Log output configuration:
 #0: stdout all=warning uptime,level,tags
 #1: stderr all=off uptime,level,tags

Environment Variables:
JAVA_HOME=C:\Users\mahdi\.jdks\jbr-17.0.14
PATH=C:\oraclexe\app\oracle\product\11.2.0\server\bin;;C:\Users\mahdi\.jdks\jbr-17.0.14\bin;C:\Program Files\Common Files\Oracle\Java\javapath;C:\Program Files (x86)\VMware\VMware Workstation\bin\;C:\Windows\system32;C:\Windows;C:\Windows\System32\Wbem;C:\Windows\System32\WindowsPowerShell\v1.0\;C:\Windows\System32\OpenSSH\;C:\Program Files (x86)\NVIDIA Corporation\PhysX\Common;C:\Program Files\NVIDIA Corporation\NVIDIA NvDLISR;C:\WINDOWS\system32;C:\WINDOWS;C:\WINDOWS\System32\Wbem;C:\WINDOWS\System32\WindowsPowerShell\v1.0\;C:\WINDOWS\System32\OpenSSH\;C:\xampp\php;C:\ProgramData\ComposerSetup\bin;C:\Program Files\Git\cmd;C:\Users\mahdi\scoop\shims;C:\Users\mahdi\AppData\Local\Programs\Python\Launcher\;C:\Users\mahdi\AppData\Local\Microsoft\WindowsApps;C:\Users\mahdi\AppData\Local\Programs\Microsoft VS Code\bin;C:\Users\mahdi\AppData\Roaming\Composer\vendor\bin
USERNAME=mahdi
OS=Windows_NT
PROCESSOR_IDENTIFIER=Intel64 Family 6 Model 141 Stepping 1, GenuineIntel
TMP=C:\Users\mahdi\AppData\Local\Temp
TEMP=C:\Users\mahdi\AppData\Local\Temp



Periodic native trim disabled

JNI global refs:
JNI global refs: 0, weak refs: 0

JNI global refs memory usage: 0, weak refs: 0

Process memory usage:
Resident Set Size: 51308K (0% of 8104524K total physical memory with 523952K free physical memory)

OOME stack traces (most recent first):
Classloader memory used:


---------------  S Y S T E M  ---------------

OS:
 Windows 11 , 64 bit Build 26100 (10.0.26100.7705)
OS uptime: 1 days 16:56 hours
Hyper-V role detected

CPU: total 12 (initial active 12) (6 cores per cpu, 2 threads per core) family 6 model 141 stepping 1 microcode 0x50, cx8, cmov, fxsr, ht, mmx, 3dnowpref, sse, sse2, sse3, ssse3, sse4.1, sse4.2, popcnt, lzcnt, tsc, tscinvbit, avx, avx2, aes, erms, clmul, bmi1, bmi2, adx, avx512f, avx512dq, avx512cd, avx512bw, avx512vl, sha, fma, vzeroupper, avx512_vpopcntdq, avx512_vpclmulqdq, avx512_vaes, avx512_vnni, clflush, clflushopt, clwb, avx512_vbmi2, avx512_vbmi, hv
Processor Information for all 12 processors :
  Max Mhz: 2688, Current Mhz: 2688, Mhz Limit: 2688

Memory: 4k page, system-wide physical 7914M (511M free)
TotalPageFile size 32490M (AvailPageFile size 265M)
current process WorkingSet (physical memory assigned to process): 50M, peak: 50M
current process commit charge ("private bytes"): 99M, peak: 99M

vm_info: OpenJDK 64-Bit Server VM (17.0.14+1-b1367.22) for windows-amd64 JRE (17.0.14+1-b1367.22), built on 2025-01-30 by "builduser" with MS VC++ 16.10 / 16.11 (VS2019)

END.
